[dashui.codescandy.com/dashuipro/pages/dashboard-analytics.html]
[dashui.codescandy.com/dashuipro/assets/js/vendors/color-modes.js]
[dashui.codescandy.com/dashuipro/assets/libs/bootstrap-icons/font/bootstrap-icons.min.css]
[dashui.codescandy.com/dashuipro/assets/libs/@mdi/font/css/materialdesignicons.min.css]
[dashui.codescandy.com/dashuipro/assets/libs/simplebar/dist/simplebar.min.css]
[backblue.gif]
[fade.gif]
[index.html]
[dashui.codescandy.com/dashuipro/assets/images/avatar/avatar-11.jpg]
[dashui.codescandy.com/dashuipro/assets/css/theme.min.css]
[dashui.codescandy.com/dashuipro/pages/dashboard-ecommerce.html]
[dashui.codescandy.com/dashuipro/pages/dashboard-crm.html]
[dashui.codescandy.com/dashuipro/pages/dashboard-finance.html]
[dashui.codescandy.com/dashuipro/pages/dashboard-blog.html]
[dashui.codescandy.com/dashuipro/pages/calendar.html]
[dashui.codescandy.com/dashuipro/pages/chat-app.html]
[dashui.codescandy.com/dashuipro/pages/ecommerce-products.html]
[dashui.codescandy.com/dashuipro/pages/ecommerce-products-details.html]
[dashui.codescandy.com/dashuipro/pages/ecommerce-product-edit.html]
[dashui.codescandy.com/dashuipro/pages/ecommerce-order-list.html]
[dashui.codescandy.com/dashuipro/pages/ecommerce-order-detail.html]
[dashui.codescandy.com/dashuipro/pages/ecommerce-cart.html]
[dashui.codescandy.com/dashuipro/pages/ecommerce-checkout.html]
[dashui.codescandy.com/dashuipro/pages/ecommerce-customer.html]
[dashui.codescandy.com/dashuipro/pages/ecommerce-seller.html]
[dashui.codescandy.com/dashuipro/pages/mail.html]
[dashui.codescandy.com/dashuipro/pages/mail-details.html]
[dashui.codescandy.com/dashuipro/pages/mail-draft.html]
[dashui.codescandy.com/dashuipro/pages/task-kanban-grid.html]
[dashui.codescandy.com/dashuipro/pages/task-kanban-list.html]
[dashui.codescandy.com/dashuipro/pages/project-grid.html]
[dashui.codescandy.com/dashuipro/pages/project-list.html]
[dashui.codescandy.com/dashuipro/pages/project-overview.html]
[dashui.codescandy.com/dashuipro/pages/project-task.html]
[dashui.codescandy.com/dashuipro/pages/project-budget.html]
[dashui.codescandy.com/dashuipro/pages/project-files.html]
[dashui.codescandy.com/dashuipro/pages/project-team.html]
[dashui.codescandy.com/dashuipro/pages/add-project.html]
[dashui.codescandy.com/dashuipro/pages/apps-file-manager.html]
[dashui.codescandy.com/dashuipro/pages/crm-contacts.html]
[dashui.codescandy.com/dashuipro/pages/crm-company.html]
[dashui.codescandy.com/dashuipro/pages/deals.html]
[dashui.codescandy.com/dashuipro/pages/deals-single.html]
[dashui.codescandy.com/dashuipro/pages/invoice-list.html]
[dashui.codescandy.com/dashuipro/pages/invoice-detail.html]
[dashui.codescandy.com/dashuipro/pages/invoice-generator.html]
[dashui.codescandy.com/dashuipro/pages/profile-overview.html]
[dashui.codescandy.com/dashuipro/pages/profile-project.html]
[dashui.codescandy.com/dashuipro/pages/profile-files.html]
[dashui.codescandy.com/dashuipro/pages/profile-team.html]
[dashui.codescandy.com/dashuipro/pages/profile-followers.html]
[dashui.codescandy.com/dashuipro/pages/profile-activity.html]
[dashui.codescandy.com/dashuipro/pages/profile-settings.html]
[dashui.codescandy.com/dashuipro/pages/blog-author.html]
[dashui.codescandy.com/dashuipro/pages/blog-author-detail.html]
[dashui.codescandy.com/dashuipro/pages/create-blog-post.html]
[dashui.codescandy.com/dashuipro/pages/starter.html]
[dashui.codescandy.com/dashuipro/pages/pricing.html]
[dashui.codescandy.com/dashuipro/pages/maintenance.html]
[dashui.codescandy.com/dashuipro/pages/404-error.html]
[dashui.codescandy.com/dashuipro/pages/sign-in.html]
[dashui.codescandy.com/dashuipro/pages/sign-up.html]
[dashui.codescandy.com/dashuipro/pages/forget-password.html]
[dashui.codescandy.com/dashuipro/pages/components/accordions.html]
[dashui.codescandy.com/dashuipro/pages/components/alerts.html]
[dashui.codescandy.com/dashuipro/pages/components/badge.html]
[dashui.codescandy.com/dashuipro/pages/components/breadcrumb.html]
[dashui.codescandy.com/dashuipro/pages/components/buttons.html]
[dashui.codescandy.com/dashuipro/pages/components/button-group.html]
[dashui.codescandy.com/dashuipro/pages/components/card.html]
[dashui.codescandy.com/dashuipro/pages/components/carousel.html]
[dashui.codescandy.com/dashuipro/pages/components/close-button.html]
[dashui.codescandy.com/dashuipro/pages/components/collapse.html]
[dashui.codescandy.com/dashuipro/pages/components/dropdowns.html]
[dashui.codescandy.com/dashuipro/pages/components/forms.html]
[dashui.codescandy.com/dashuipro/pages/components/list-group.html]
[dashui.codescandy.com/dashuipro/pages/components/modal.html]
[dashui.codescandy.com/dashuipro/pages/components/navs-tabs.html]
[dashui.codescandy.com/dashuipro/pages/components/navbar.html]
[dashui.codescandy.com/dashuipro/pages/components/offcanvas.html]
[dashui.codescandy.com/dashuipro/pages/components/pagination.html]
[dashui.codescandy.com/dashuipro/pages/components/placeholders.html]
[dashui.codescandy.com/dashuipro/pages/components/popovers.html]
[dashui.codescandy.com/dashuipro/pages/components/progress.html]
[dashui.codescandy.com/dashuipro/pages/components/scrollspy.html]
[dashui.codescandy.com/dashuipro/pages/components/spinners.html]
[dashui.codescandy.com/dashuipro/pages/components/tables.html]
[dashui.codescandy.com/dashuipro/pages/components/toasts.html]
[dashui.codescandy.com/dashuipro/pages/components/tooltips.html]
[dashui.codescandy.com/dashuipro/assets/images/background/giftbox.png]
[dashui.codescandy.com/dashuipro/assets/images/avatar/avatar-3.jpg]
[dashui.codescandy.com/dashuipro/assets/libs/bootstrap/dist/js/bootstrap.bundle.min.js]
[dashui.codescandy.com/dashuipro/assets/libs/feather-icons/dist/feather.min.js]
[dashui.codescandy.com/dashuipro/assets/libs/simplebar/dist/simplebar.min.js]
[dashui.codescandy.com/dashuipro/assets/js/theme.min.js]
[dashui.codescandy.com/dashuipro/assets/libs/jsvectormap/dist/js/jsvectormap.min.js]
[dashui.codescandy.com/dashuipro/assets/libs/jsvectormap/dist/maps/world.js]
[dashui.codescandy.com/dashuipro/assets/libs/apexcharts/dist/apexcharts.min.js]
[dashui.codescandy.com/dashuipro/pages/dashboard-analytics.html]
[dashui.codescandy.com/dashuipro/assets/js/vendors/chart.js]
[dashui.codescandy.com/dashuipro/assets/libs/bootstrap-icons/font/fonts/bootstrap-icons09cf.woff2]
[dashui.codescandy.com/dashuipro/assets/libs/bootstrap-icons/font/fonts/bootstrap-icons09cf.woff]
[dashui.codescandy.com/dashuipro/assets/libs/bootstrap-icons/font/bootstrap-icons.min.css]
[dashui.codescandy.com/dashuipro/assets/libs/@mdi/font/css/materialdesignicons.min.css]
[dashui.codescandy.com/dashuipro/assets/libs/simplebar/dist/simplebar.min.css]
[dashui.codescandy.com/dashuipro/assets/css/theme.min.css]
[dashui.codescandy.com/dashuipro/assets/images/ecommerce/product-1.jpg]
[dashui.codescandy.com/dashuipro/assets/images/ecommerce/product-2.jpg]
[dashui.codescandy.com/dashuipro/assets/images/ecommerce/product-3.jpg]
[dashui.codescandy.com/dashuipro/assets/images/ecommerce/product-4.jpg]
[dashui.codescandy.com/dashuipro/assets/images/ecommerce/product-5.jpg]
[dashui.codescandy.com/dashuipro/assets/images/ecommerce/product-6.jpg]
[dashui.codescandy.com/dashuipro/assets/images/ecommerce/product-7.jpg]
[dashui.codescandy.com/dashuipro/assets/images/avatar/avatar-8.jpg]
[dashui.codescandy.com/dashuipro/assets/images/avatar/avatar-2.jpg]
[dashui.codescandy.com/dashuipro/assets/images/avatar/avatar-4.jpg]
[dashui.codescandy.com/dashuipro/pages/dashboard-ecommerce.html]
[dashui.codescandy.com/dashuipro/assets/images/avatar/avatar-5.jpg]
[dashui.codescandy.com/dashuipro/assets/images/avatar/avatar-6.jpg]
[dashui.codescandy.com/dashuipro/assets/libs/@popperjs/core/dist/umd/popper.min.js]
[dashui.codescandy.com/dashuipro/pages/dashboard-crm.html]
[dashui.codescandy.com/dashuipro/pages/dashboard-finance.html]
[dashui.codescandy.com/dashuipro/assets/libs/tippy.js/dist/tippy-bundle.umd.min.js]
[dashui.codescandy.com/dashuipro/assets/images/blog/blog-img-1.jpg]
[dashui.codescandy.com/dashuipro/assets/images/blog/blog-img-2.jpg]
[dashui.codescandy.com/dashuipro/assets/images/blog/blog-img-3.jpg]
[dashui.codescandy.com/dashuipro/assets/images/blog/blog-img-4.jpg]
[dashui.codescandy.com/dashuipro/pages/dashboard-blog.html]
[dashui.codescandy.com/dashuipro/assets/js/vendors/tooltip.js]
[dashui.codescandy.com/dashuipro/assets/libs/fullcalendar/index.global.min.js]
[cdn.jsdelivr.net/npm/moment@2.29.1/min/moment.min.js]
[dashui.codescandy.com/dashuipro/assets/libs/flatpickr/dist/flatpickr.min.js]
[dashui.codescandy.com/dashuipro/pages/calendar.html]
[dashui.codescandy.com/dashuipro/assets/js/vendors/calendar.init.js]
[dashui.codescandy.com/dashuipro/assets/images/png/dot-move.png]
[dashui.codescandy.com/dashuipro/assets/images/avatar/avatar-9.jpg]
[dashui.codescandy.com/dashuipro/assets/images/avatar/avatar-19.jpg]
[dashui.codescandy.com/dashuipro/assets/images/avatar/avatar-12.jpg]
[dashui.codescandy.com/dashuipro/assets/images/avatar/avatar-14.jpg]
[dashui.codescandy.com/dashuipro/assets/images/avatar/avatar-21.jpg]
[dashui.codescandy.com/dashuipro/assets/images/avatar/avatar-15.jpg]
[dashui.codescandy.com/dashuipro/pages/chat-app.html]
[dashui.codescandy.com/dashuipro/assets/js/vendors/chat.js]
[dashui.codescandy.com/dashuipro/assets/libs/datatables.net-bs5/css/dataTables.bootstrap5.min.css]
[dashui.codescandy.com/dashuipro/assets/images/ecommerce/product-8.jpg]
[dashui.codescandy.com/dashuipro/assets/images/ecommerce/product-9.jpg]
[dashui.codescandy.com/dashuipro/assets/libs/jquery/dist/jquery.min.js]
[dashui.codescandy.com/dashuipro/assets/libs/datatables/media/js/jquery.dataTables.min.js]
[dashui.codescandy.com/dashuipro/assets/libs/datatables.net-bs5/js/dataTables.bootstrap5.min.js]
[dashui.codescandy.com/dashuipro/assets/libs/datatables.net-responsive/js/dataTables.responsive.min.js]
[dashui.codescandy.com/dashuipro/pages/ecommerce-products.html]
[dashui.codescandy.com/dashuipro/assets/js/vendors/datatable.js]
[dashui.codescandy.com/dashuipro/assets/libs/tiny-slider/dist/tiny-slider.css]
[dashui.codescandy.com/dashuipro/pages/ecommerce-products-details.html]
[dashui.codescandy.com/dashuipro/assets/libs/tiny-slider/dist/min/tiny-slider.js]
[dashui.codescandy.com/dashuipro/assets/libs/dropzone/dist/dropzone.css]
[dashui.codescandy.com/dashuipro/assets/libs/@yaireo/tagify/dist/tagify.css]
[dashui.codescandy.com/dashuipro/assets/libs/dropzone/dist/min/dropzone.min.js]
[dashui.codescandy.com/dashuipro/assets/libs/quill/dist/quill.min.js]
[dashui.codescandy.com/dashuipro/pages/ecommerce-product-edit.html]
[dashui.codescandy.com/dashuipro/pages/ecommerce-order-list.html]
[dashui.codescandy.com/dashuipro/pages/ecommerce-order-detail.html]
[dashui.codescandy.com/dashuipro/assets/libs/@yaireo/tagify/dist/tagify.min.js]
[dashui.codescandy.com/dashuipro/pages/ecommerce-cart.html]
[dashui.codescandy.com/dashuipro/assets/js/vendors/increment-value.js]
[dashui.codescandy.com/dashuipro/assets/libs/inputmask/dist/jquery.inputmask.min.js]
[dashui.codescandy.com/dashuipro/assets/js/vendors/inputmask.js]
[dashui.codescandy.com/dashuipro/assets/libs/bs-stepper/dist/js/bs-stepper.min.js]
[dashui.codescandy.com/dashuipro/pages/ecommerce-checkout.html]
[dashui.codescandy.com/dashuipro/assets/js/vendors/beStepper.js]
[dashui.codescandy.com/dashuipro/assets/images/avatar/avatar-7.jpg]
[dashui.codescandy.com/dashuipro/assets/images/avatar/avatar-10.jpg]
[dashui.codescandy.com/dashuipro/pages/ecommerce-customer.html]
[dashui.codescandy.com/dashuipro/pages/ecommerce-seller.html]
[dashui.codescandy.com/dashuipro/pages/mail.html]
[dashui.codescandy.com/dashuipro/assets/images/background/profile-bg.jpg]
[dashui.codescandy.com/dashuipro/pages/mail-details.html]
[dashui.codescandy.com/dashuipro/pages/mail-draft.html]
[dashui.codescandy.com/dashuipro/assets/libs/dragula/dist/dragula.min.css]
[dashui.codescandy.com/dashuipro/pages/task-kanban-grid.html]
[dashui.codescandy.com/dashuipro/assets/libs/dragula/dist/dragula.min.js]
[dashui.codescandy.com/dashuipro/assets/images/avatar/avatar-1.jpg]
[dashui.codescandy.com/dashuipro/pages/task-kanban-list.html]
[dashui.codescandy.com/dashuipro/assets/images/avatar/avatar-13.jpg]
[dashui.codescandy.com/dashuipro/assets/images/avatar/avatar-17.jpg]
[dashui.codescandy.com/dashuipro/assets/images/background/project-cover-img.jpg]
[dashui.codescandy.com/dashuipro/pages/project-grid.html]
[dashui.codescandy.com/dashuipro/pages/project-list.html]
[dashui.codescandy.com/dashuipro/assets/images/brand/logo/brand-logo.png]
[dashui.codescandy.com/dashuipro/pages/project-overview.html]
[dashui.codescandy.com/dashuipro/pages/project-task.html]
[dashui.codescandy.com/dashuipro/pages/project-budget.html]
[dashui.codescandy.com/dashuipro/pages/project-files.html]
[dashui.codescandy.com/dashuipro/pages/project-team.html]
[dashui.codescandy.com/dashuipro/assets/libs/choices.js/public/assets/scripts/choices.min.js]
[dashui.codescandy.com/dashuipro/pages/add-project.html]
[dashui.codescandy.com/dashuipro/pages/apps-file-manager.html]
[dashui.codescandy.com/dashuipro/assets/js/vendors/choice.js]
[dashui.codescandy.com/dashuipro/assets/libs/list.js/dist/list.min.js]
[dashui.codescandy.com/dashuipro/assets/libs/list.pagination.js/dist/list.pagination.min.js]
[dashui.codescandy.com/dashuipro/pages/crm-contacts.html]
[dashui.codescandy.com/dashuipro/assets/js/vendors/crm-contact.init.js]
[dashui.codescandy.com/dashuipro/pages/crm-company.html]
[dashui.codescandy.com/dashuipro/pages/deals.html]
[dashui.codescandy.com/dashuipro/assets/js/vendors/crm-company.init.js]
[dashui.codescandy.com/dashuipro/assets/images/avatar/avatar-16.jpg]
[dashui.codescandy.com/dashuipro/assets/images/png/bootstrap-5-admin-dashboard-template 1.png]
[dashui.codescandy.com/dashuipro/pages/deals-single.html]
[dashui.codescandy.com/dashuipro/pages/invoice-list.html]
[dashui.codescandy.com/dashuipro/assets/js/vendors/counter.js]
[dashui.codescandy.com/dashuipro/pages/invoice-detail.html]
[dashui.codescandy.com/dashuipro/pages/invoice-generator.html]
[dashui.codescandy.com/dashuipro/assets/libs/jQuery.print/jQuery.print.js]
[dashui.codescandy.com/dashuipro/assets/images/background/profile-cover.jpg]
[dashui.codescandy.com/dashuipro/pages/profile-overview.html]
[dashui.codescandy.com/dashuipro/pages/profile-edit.html]
[dashui.codescandy.com/dashuipro/pages/profile-project.html]
[dashui.codescandy.com/dashuipro/pages/profile-files.html]
[dashui.codescandy.com/dashuipro/pages/profile-team.html]
[dashui.codescandy.com/dashuipro/assets/images/background/profile-cover-1.jpg]
[dashui.codescandy.com/dashuipro/assets/images/background/profile-cover-2.jpg]
[dashui.codescandy.com/dashuipro/assets/images/background/profile-cover-3.jpg]
[dashui.codescandy.com/dashuipro/pages/profile-followers.html]
[dashui.codescandy.com/dashuipro/pages/profile-activity.html]
[dashui.codescandy.com/dashuipro/pages/profile-settings.html]
[dashui.codescandy.com/dashuipro/pages/blog-author.html]
[dashui.codescandy.com/dashuipro/pages/blog-author-detail.html]
[dashui.codescandy.com/dashuipro/pages/create-blog-post.html]
[dashui.codescandy.com/dashuipro/pages/starter.html]
[dashui.codescandy.com/dashuipro/pages/pricing.html]
[dashui.codescandy.com/dashuipro/pages/maintenance.html]
[dashui.codescandy.com/dashuipro/assets/images/error/404-error-img.png]
[dashui.codescandy.com/dashuipro/pages/404-error.html]
[dashui.codescandy.com/dashuipro/pages/sign-in.html]
[dashui.codescandy.com/dashuipro/pages/terms-condition-page.html]
[dashui.codescandy.com/dashuipro/pages/sign-up.html]
[dashui.codescandy.com/dashuipro/pages/forget-password.html]
[dashui.codescandy.com/dashuipro/assets/libs/prismjs/themes/prism-okaidia.min.css]
[dashui.codescandy.com/dashuipro/assets/libs/prismjs/prism.js]
[dashui.codescandy.com/dashuipro/assets/libs/prismjs/plugins/toolbar/prism-toolbar.min.js]
[dashui.codescandy.com/dashuipro/pages/components/accordions.html]
[dashui.codescandy.com/dashuipro/pages/components/alerts.html]
[dashui.codescandy.com/dashuipro/pages/components/badge.html]
[dashui.codescandy.com/dashuipro/pages/components/breadcrumb.html]
[dashui.codescandy.com/dashuipro/pages/components/buttons.html]
[dashui.codescandy.com/dashuipro/pages/components/button-group.html]
[dashui.codescandy.com/dashuipro/pages/components/card.html]
[dashui.codescandy.com/dashuipro/assets/libs/prismjs/plugins/copy-to-clipboard/prism-copy-to-clipboard.min.js]
[dashui.codescandy.com/dashuipro/assets/images/slide-img/carousel-img-1.jpg]
[dashui.codescandy.com/dashuipro/assets/images/slide-img/carousel-img-2.jpg]
[dashui.codescandy.com/dashuipro/assets/images/slide-img/carousel-img-3.jpg]
[dashui.codescandy.com/dashuipro/pages/components/carousel.html]
[dashui.codescandy.com/dashuipro/pages/components/close-button.html]
[dashui.codescandy.com/dashuipro/pages/components/collapse.html]
[dashui.codescandy.com/dashuipro/pages/components/dropdowns.html]
[dashui.codescandy.com/dashuipro/pages/components/forms.html]
[dashui.codescandy.com/dashuipro/pages/components/list-group.html]
[dashui.codescandy.com/dashuipro/pages/components/modal.html]
[dashui.codescandy.com/dashuipro/pages/components/navs-tabs.html]
[dashui.codescandy.com/dashuipro/pages/components/navbar.html]
[dashui.codescandy.com/dashuipro/pages/components/offcanvas.html]
[dashui.codescandy.com/dashuipro/pages/components/pagination.html]
[dashui.codescandy.com/dashuipro/assets/images/placeholder/4by3.jpg]
[dashui.codescandy.com/dashuipro/pages/components/placeholders.html]
[dashui.codescandy.com/dashuipro/pages/components/popovers.html]
[dashui.codescandy.com/dashuipro/pages/components/progress.html]
[dashui.codescandy.com/dashuipro/pages/components/scrollspy.html]
[dashui.codescandy.com/dashuipro/pages/components/spinners.html]
[dashui.codescandy.com/dashuipro/pages/components/tables.html]
[dashui.codescandy.com/dashuipro/pages/components/toasts.html]
[dashui.codescandy.com/dashuipro/pages/components/tooltips.html]
[dashui.codescandy.com/dashuipro/assets/libs/datatables.net-bs5/css/dataTables.bootstrap5.min.css]
[dashui.codescandy.com/dashuipro/assets/libs/tiny-slider/dist/tiny-slider.css]
[dashui.codescandy.com/dashuipro/assets/libs/dropzone/dist/dropzone.css]
[dashui.codescandy.com/dashuipro/assets/libs/@yaireo/tagify/dist/tagify.css]
[dashui.codescandy.com/dashuipro/assets/libs/dragula/dist/dragula.min.css]
[dashui.codescandy.com/dashuipro/pages/profile-edit.html]
[dashui.codescandy.com/dashuipro/pages/terms-condition-page.html]
[dashui.codescandy.com/dashuipro/assets/libs/prismjs/themes/prism-okaidia.min.css]
